[STDOUT] [2026-04-01T16:00:03.808Z] Navigating to https://ship.amazon.co.uk/tracking?duration=custom&durationStart=2026-03-30&durationEnd=2026-04-01
[STDOUT] [2026-04-01T16:00:04.399Z] Navigating to https://ship.amazon.co.uk/tracking?duration=custom&durationStart=2026-03-30&durationEnd=2026-04-01
[STDERR] [2026-04-01T16:00:06.100Z] FATAL ERROR: AUTH_REQUIRED: Please log in via the web dashboard first to refresh cookies.
[2026-04-01T16:00:06.117Z] [FINISH] Amazon Shipping Sync - FAILED (exit code 1) - Duration: 6.08s

[STDERR] [2026-04-01T16:00:06.534Z] FATAL ERROR: AUTH_REQUIRED: Please log in via the web dashboard first to refresh cookies.
[2026-04-01T16:00:06.550Z] [FINISH] Amazon Shipping Sync - FAILED (exit code 1) - Duration: 6.51s

[STDOUT] [2026-04-02T16:00:03.672Z] Checking for auth file at: C:\Users\JackW.la\pre-prod\.auth\amazon-shipping.json
[STDOUT] [2026-04-02T16:00:04.876Z] Navigating to https://ship.amazon.co.uk/tracking?duration=custom&durationStart=2026-03-30&durationEnd=2026-04-02
[STDERR] [2026-04-02T16:00:05.861Z] FATAL ERROR: AUTH_EXPIRED: Please run "node scripts/manual-auth-shipping.js" again to refresh your session cookies.
[2026-04-02T16:00:05.873Z] [FINISH] Amazon Shipping Sync - FAILED (exit code 1) - Duration: 5.85s

[STDOUT] [2026-04-03T16:00:01.637Z] Checking for auth file at: C:\Users\JackW.la\pre-prod\.auth\amazon-shipping.json
[STDOUT] [2026-04-03T16:00:02.720Z] Navigating to https://ship.amazon.co.uk/tracking?duration=custom&durationStart=2026-03-31&durationEnd=2026-04-03
[STDERR] [2026-04-03T16:00:03.571Z] FATAL ERROR: AUTH_EXPIRED: Please run "node scripts/manual-auth-shipping.js" again to refresh your session cookies.
[2026-04-03T16:00:03.585Z] [FINISH] Amazon Shipping Sync - FAILED (exit code 1) - Duration: 3.55s

[STDOUT] [2026-04-04T16:00:01.923Z] Checking for auth file at: C:\Users\JackW.la\pre-prod\.auth\amazon-shipping.json
[STDOUT] [2026-04-04T16:00:05.658Z] Navigating to https://ship.amazon.co.uk/tracking?duration=custom&durationStart=2026-04-01&durationEnd=2026-04-04
[STDOUT] [2026-04-04T16:00:07.206Z] Page loaded. Checking for survey/blockers...
[STDERR] [2026-04-04T16:00:37.653Z] FATAL ERROR: locator.waitFor: Timeout 30000ms exceeded.
[STDERR] [2026-04-04T16:00:37.654Z] Call log:
[STDERR] [2026-04-04T16:00:37.654Z] [2m  - waiting for locator('input[type="checkbox"]').first() to be visible[22m
[STDERR] [2026-04-04T16:00:37.654Z] [2m    56 × locator resolved to hidden <input class="element" type="checkbox" name="undefined" value="undefined" _ngcontent-xli-21="" id="checkbox-ukhiyz5gp7"/>[22m
[2026-04-04T16:00:37.664Z] [FINISH] Amazon Shipping Sync - FAILED (exit code 1) - Duration: 37.65s

[STDOUT] [2026-04-05T16:00:01.511Z] Checking for auth file at: C:\Users\JackW.la\pre-prod\.auth\amazon-shipping.json
[STDOUT] [2026-04-05T16:00:02.558Z] Navigating to https://ship.amazon.co.uk/tracking?duration=custom&durationStart=2026-04-02&durationEnd=2026-04-05
[STDERR] [2026-04-05T16:00:03.439Z] FATAL ERROR: AUTH_EXPIRED: Please run "node scripts/manual-auth-shipping.js" again to refresh your session cookies.
[2026-04-05T16:00:03.452Z] [FINISH] Amazon Shipping Sync - FAILED (exit code 1) - Duration: 3.44s

[STDOUT] [2026-04-06T16:00:01.442Z] Checking for auth file at: C:\Users\JackW.la\pre-prod\.auth\amazon-shipping.json
[STDOUT] [2026-04-06T16:00:02.739Z] Navigating to https://ship.amazon.co.uk/tracking?duration=custom&durationStart=2026-04-03&durationEnd=2026-04-06
[STDERR] [2026-04-06T16:00:04.191Z] FATAL ERROR: AUTH_EXPIRED: Please run "node scripts/manual-auth-shipping.js" again to refresh your session cookies.
[2026-04-06T16:00:04.203Z] [FINISH] Amazon Shipping Sync - FAILED (exit code 1) - Duration: 4.18s

[STDOUT] [2026-04-07T16:00:01.526Z] Checking for auth file at: C:\Users\JackW.la\pre-prod\.auth\amazon-shipping.json
[STDOUT] [2026-04-07T16:00:02.441Z] Navigating to https://ship.amazon.co.uk/tracking?duration=custom&durationStart=2026-04-04&durationEnd=2026-04-07
[STDERR] [2026-04-07T16:00:03.389Z] FATAL ERROR: AUTH_EXPIRED: Please run "node scripts/manual-auth-shipping.js" again to refresh your session cookies.
[2026-04-07T16:00:03.403Z] [FINISH] Amazon Shipping Sync - FAILED (exit code 1) - Duration: 3.36s

