[2026-03-28T14:39:18.564Z] Starting Amazon Order Items Sync job...
[2026-03-28T14:39:21.506Z] Job completed successfully.
[2026-03-28T14:39:21.512Z] Response: {"events":[{"type":"status","message":"Checking database for orders..."},{"type":"status","message":"Found 0 orders missing items. Processing batch of 0...","pendingCount":0,"processedCount":0},{"type":"complete","message":"Successfully synced items for 0 orders (0 items updated)","count":0,"itemsCount":0}]}
[2026-03-28T14:39:27.756Z] Starting Amazon Order Items Sync job...
[2026-03-28T14:39:28.724Z] Job completed successfully.
[2026-03-28T14:39:28.735Z] Response: {"events":[{"type":"status","message":"Checking database for orders..."},{"type":"status","message":"Found 0 orders missing items. Processing batch of 0...","pendingCount":0,"processedCount":0},{"type":"complete","message":"Successfully synced items for 0 orders (0 items updated)","count":0,"itemsCount":0}]}
[2026-03-29T09:00:03.084Z] --- Starting Sync Cycle ---
[2026-03-29T09:00:07.266Z] Job completed successfully.
[2026-03-29T09:00:07.275Z] Next run in 1 hour...
[2026-03-29T10:00:02.881Z] --- Starting Sync Cycle ---
[2026-03-29T10:00:06.798Z] Job completed successfully.
[2026-03-29T10:00:06.808Z] Next run in 1 hour...
[2026-03-29T11:00:02.691Z] --- Starting Sync Cycle ---
[2026-03-29T11:00:06.259Z] Job completed successfully.
[2026-03-29T11:00:06.269Z] Next run in 1 hour...
[2026-03-29T12:00:02.554Z] --- Starting Sync Cycle ---
[2026-03-29T12:00:06.495Z] Job completed successfully.
[2026-03-29T12:00:06.505Z] Next run in 1 hour...
[2026-03-29T13:00:02.469Z] --- Starting Sync Cycle ---
[2026-03-29T13:00:04.637Z] Job completed successfully.
[2026-03-29T13:00:04.647Z] Next run in 1 hour...
[2026-03-29T14:00:02.415Z] --- Starting Sync Cycle ---
[2026-03-29T14:00:06.382Z] Job completed successfully.
[2026-03-29T14:00:06.393Z] Next run in 1 hour...
[2026-03-29T15:00:02.376Z] --- Starting Sync Cycle ---
[2026-03-29T15:00:06.430Z] Job completed successfully.
[2026-03-29T15:00:06.440Z] Next run in 1 hour...
[2026-03-29T16:00:02.353Z] --- Starting Sync Cycle ---
[2026-03-29T16:00:05.988Z] Job completed successfully.
[2026-03-29T16:00:05.998Z] Next run in 1 hour...
[2026-03-29T17:00:02.324Z] --- Starting Sync Cycle ---
[2026-03-29T17:00:06.177Z] Job completed successfully.
[2026-03-29T17:00:06.188Z] Next run in 1 hour...
[2026-03-29T18:00:02.065Z] --- Starting Sync Cycle ---
[2026-03-29T18:00:05.046Z] Job completed successfully.
[2026-03-29T18:00:05.056Z] Next run in 1 hour...
[2026-03-29T19:00:01.757Z] --- Starting Sync Cycle ---
[2026-03-29T19:00:06.163Z] Job completed successfully.
[2026-03-29T19:00:06.174Z] Next run in 1 hour...
[2026-03-29T20:00:01.555Z] --- Starting Sync Cycle ---
[2026-03-29T20:00:05.394Z] Job completed successfully.
[2026-03-29T20:00:05.405Z] Next run in 1 hour...
[2026-03-29T21:00:01.422Z] --- Starting Sync Cycle ---
[2026-03-29T21:00:05.020Z] Job completed successfully.
[2026-03-29T21:00:05.030Z] Next run in 1 hour...
[2026-03-29T22:00:01.342Z] --- Starting Sync Cycle ---
[2026-03-29T22:00:05.067Z] Job completed successfully.
[2026-03-29T22:00:05.077Z] Next run in 1 hour...
[2026-03-29T23:00:01.279Z] --- Starting Sync Cycle ---
[2026-03-29T23:00:03.945Z] Job completed successfully.
[2026-03-29T23:00:03.955Z] Next run in 1 hour...
[2026-03-30T00:00:01.235Z] --- Starting Sync Cycle ---
[2026-03-30T00:00:05.126Z] Job completed successfully.
[2026-03-30T00:00:05.137Z] Next run in 1 hour...
[2026-03-30T01:00:01.199Z] --- Starting Sync Cycle ---
[2026-03-30T01:00:05.018Z] Job completed successfully.
[2026-03-30T01:00:05.028Z] Next run in 1 hour...
[2026-03-30T02:00:01.167Z] --- Starting Sync Cycle ---
[2026-03-30T02:00:05.011Z] Job completed successfully.
[2026-03-30T02:00:05.023Z] Next run in 1 hour...
[2026-03-30T03:00:01.179Z] --- Starting Sync Cycle ---
[2026-03-30T03:00:04.810Z] Job completed successfully.
[2026-03-30T03:00:04.819Z] Next run in 1 hour...
[2026-03-30T04:00:01.197Z] --- Starting Sync Cycle ---
[2026-03-30T04:00:03.831Z] Job completed successfully.
[2026-03-30T04:00:03.841Z] Next run in 1 hour...
[2026-03-30T05:00:01.215Z] --- Starting Sync Cycle ---
[2026-03-30T05:00:04.080Z] Job completed successfully.
[2026-03-30T05:00:04.090Z] Next run in 1 hour...
[2026-03-30T06:00:01.212Z] --- Starting Sync Cycle ---
[2026-03-30T06:00:04.538Z] Job completed successfully.
[2026-03-30T06:00:04.548Z] Next run in 1 hour...
[2026-03-30T07:00:01.215Z] --- Starting Sync Cycle ---
[2026-03-30T07:00:05.028Z] Job completed successfully.
[2026-03-30T07:00:05.037Z] Next run in 1 hour...
[2026-03-30T08:00:01.203Z] --- Starting Sync Cycle ---
[2026-03-30T08:00:04.985Z] Job completed successfully.
[2026-03-30T08:00:04.994Z] Next run in 1 hour...
[2026-03-30T09:00:01.204Z] --- Starting Sync Cycle ---
[2026-03-30T09:00:04.091Z] Job completed successfully.
[2026-03-30T09:00:04.102Z] Next run in 1 hour...
[2026-03-30T10:00:01.204Z] --- Starting Sync Cycle ---
[2026-03-30T10:00:04.790Z] Job completed successfully.
[2026-03-30T10:00:04.799Z] Next run in 1 hour...
[2026-03-30T11:00:01.198Z] --- Starting Sync Cycle ---
[2026-03-30T11:00:06.099Z] Job completed successfully.
[2026-03-30T11:00:06.107Z] Next run in 1 hour...
[2026-03-30T12:00:01.048Z] --- Starting Sync Cycle ---
[2026-03-30T12:00:05.943Z] Job completed successfully.
[2026-03-30T12:00:05.952Z] Next run in 1 hour...
[2026-03-30T13:00:00.727Z] --- Starting Sync Cycle ---
[2026-03-30T13:00:35.906Z] Job completed successfully.
[2026-03-30T13:00:35.909Z] Next run in 1 hour...
[2026-03-30T14:00:00.512Z] --- Starting Sync Cycle ---
[2026-03-30T14:00:03.802Z] Job completed successfully.
[2026-03-30T14:00:03.806Z] Next run in 1 hour...
[2026-03-30T15:00:00.370Z] --- Starting Sync Cycle ---
[2026-03-30T15:00:03.123Z] Job completed successfully.
[2026-03-30T15:00:03.125Z] Next run in 1 hour...
[2026-03-30T16:00:00.281Z] --- Starting Sync Cycle ---
[2026-03-30T16:00:06.301Z] Job completed successfully.
[2026-03-30T16:00:06.303Z] Next run in 1 hour...
[2026-03-30T17:00:00.221Z] --- Starting Sync Cycle ---
[2026-03-30T17:00:04.749Z] Job completed successfully.
[2026-03-30T17:00:04.751Z] Next run in 1 hour...
[2026-03-30T18:00:00.166Z] --- Starting Sync Cycle ---
[2026-03-30T18:00:05.303Z] Job completed successfully.
[2026-03-30T18:00:05.305Z] Next run in 1 hour...
[2026-03-30T19:00:00.126Z] --- Starting Sync Cycle ---
[2026-03-30T19:00:34.423Z] Job completed successfully.
[2026-03-30T19:01:04.436Z] Next run in 1 hour...
[2026-03-30T20:00:00.105Z] --- Starting Sync Cycle ---
[2026-03-30T20:00:05.504Z] Job completed successfully.
[2026-03-30T20:00:05.507Z] Next run in 1 hour...
[2026-03-30T20:59:59.977Z] --- Starting Sync Cycle ---
[2026-03-30T21:00:05.718Z] Job completed successfully.
[2026-03-30T21:00:05.720Z] Next run in 1 hour...
[2026-03-30T21:59:59.645Z] --- Starting Sync Cycle ---
[2026-03-30T22:00:36.400Z] Job completed successfully.
[2026-03-30T22:00:36.402Z] Next run in 1 hour...
[2026-03-30T22:59:59.419Z] --- Starting Sync Cycle ---
[2026-03-30T23:00:04.816Z] Job completed successfully.
[2026-03-30T23:00:04.818Z] Next run in 1 hour...
[2026-03-30T23:59:59.265Z] --- Starting Sync Cycle ---
[2026-03-31T00:00:31.601Z] Job completed successfully.
[2026-03-31T00:01:01.607Z] Next run in 1 hour...
[2026-03-31T00:59:59.175Z] --- Starting Sync Cycle ---
[2026-03-31T01:00:33.108Z] Job completed successfully.
[2026-03-31T01:00:33.110Z] Next run in 1 hour...
[2026-03-31T01:59:59.114Z] --- Starting Sync Cycle ---
[2026-03-31T02:00:32.335Z] Job completed successfully.
[2026-03-31T02:01:02.331Z] Next run in 1 hour...
[2026-03-31T02:59:59.072Z] --- Starting Sync Cycle ---
[2026-03-31T03:00:02.997Z] Job completed successfully.
[2026-03-31T03:00:03.000Z] Next run in 1 hour...
[2026-03-31T03:59:59.035Z] --- Starting Sync Cycle ---
[2026-03-31T04:00:32.981Z] Job completed successfully.
[2026-03-31T04:00:32.983Z] Next run in 1 hour...
[2026-03-31T04:59:59.006Z] --- Starting Sync Cycle ---
[2026-03-31T05:00:01.826Z] Job completed successfully.
[2026-03-31T05:00:01.828Z] Next run in 1 hour...
[2026-03-31T05:59:58.991Z] --- Starting Sync Cycle ---
[2026-03-31T06:00:32.979Z] Job completed successfully.
[2026-03-31T06:00:32.982Z] Next run in 1 hour...
[2026-03-31T06:59:59.056Z] --- Starting Sync Cycle ---
[2026-03-31T07:00:01.576Z] Job completed successfully.
[2026-03-31T07:00:01.578Z] Next run in 1 hour...
[2026-03-31T07:59:59.081Z] --- Starting Sync Cycle ---
[2026-03-31T08:00:04.468Z] Job completed successfully.
[2026-03-31T08:00:04.470Z] Next run in 1 hour...
[2026-03-31T08:59:59.088Z] --- Starting Sync Cycle ---
[2026-03-31T09:00:04.738Z] Job completed successfully.
[2026-03-31T09:00:04.739Z] Next run in 1 hour...
[2026-03-31T09:59:59.085Z] --- Starting Sync Cycle ---
[2026-03-31T10:00:03.114Z] Job completed successfully.
[2026-03-31T10:00:03.117Z] Next run in 1 hour...
[2026-04-01T09:00:02.403Z] --- Starting Sync Cycle ---
[2026-04-01T09:00:08.202Z] Job completed successfully.
[2026-04-01T09:00:08.217Z] Next run in 1 hour...
[2026-04-01T10:00:02.336Z] --- Starting Sync Cycle ---
[2026-04-01T10:00:05.207Z] Job completed successfully.
[2026-04-01T10:00:05.220Z] Next run in 1 hour...
[2026-04-01T11:00:02.226Z] --- Starting Sync Cycle ---
[2026-04-01T11:00:03.743Z] Job completed successfully.
[2026-04-01T11:00:03.757Z] Next run in 1 hour...
[2026-04-01T12:00:02.139Z] --- Starting Sync Cycle ---
[2026-04-01T12:00:03.688Z] Job completed successfully.
[2026-04-01T12:00:03.703Z] Next run in 1 hour...
[2026-04-01T13:00:02.010Z] --- Starting Sync Cycle ---
[2026-04-01T13:00:03.390Z] Job completed successfully.
[2026-04-01T13:00:03.404Z] Next run in 1 hour...
[2026-04-01T14:15:00.411Z] --- Starting Sync Cycle ---
[2026-04-01T14:15:00.411Z] --- Starting Sync Cycle ---
[2026-04-01T14:15:05.725Z] Job completed successfully.
[2026-04-01T14:15:05.738Z] Next run in 1 hour...
[2026-04-01T14:15:06.546Z] Job completed successfully.
[2026-04-01T14:15:06.563Z] Next run in 1 hour...
[2026-04-01T15:15:00.392Z] --- Starting Sync Cycle ---
[2026-04-01T15:15:00.392Z] --- Starting Sync Cycle ---
[2026-04-01T15:15:05.459Z] Job completed successfully.
[2026-04-01T15:15:05.474Z] Next run in 1 hour...
[2026-04-01T15:15:05.510Z] Job completed successfully.
[2026-04-01T15:15:05.523Z] Next run in 1 hour...
[2026-04-01T16:15:00.216Z] --- Starting Sync Cycle ---
[2026-04-01T16:15:00.223Z] --- Starting Sync Cycle ---
[2026-04-01T16:15:04.369Z] Job completed successfully.
[2026-04-01T16:15:04.382Z] Next run in 1 hour...
[2026-04-01T16:15:04.412Z] Job completed successfully.
[2026-04-01T16:15:04.424Z] Next run in 1 hour...
[2026-04-01T17:15:00.262Z] --- Starting Sync Cycle ---
[2026-04-01T17:15:00.262Z] --- Starting Sync Cycle ---
[2026-04-01T17:15:05.363Z] Job completed successfully.
[2026-04-01T17:15:05.375Z] Next run in 1 hour...
[2026-04-01T17:15:06.056Z] Job completed successfully.
[2026-04-01T17:15:06.070Z] Next run in 1 hour...
[2026-04-01T18:15:00.188Z] --- Starting Sync Cycle ---
[2026-04-01T18:15:05.769Z] Job completed successfully.
[2026-04-01T18:15:05.778Z] Next run in 1 hour...
[2026-04-01T19:15:00.185Z] --- Starting Sync Cycle ---
[2026-04-01T19:15:05.514Z] Job completed successfully.
[2026-04-01T19:15:05.523Z] Next run in 1 hour...
[2026-04-01T20:15:00.209Z] --- Starting Sync Cycle ---
[2026-04-01T20:15:05.535Z] Job completed successfully.
[2026-04-01T20:15:05.544Z] Next run in 1 hour...
[2026-04-01T21:15:00.187Z] --- Starting Sync Cycle ---
[2026-04-01T21:15:05.264Z] Job completed successfully.
[2026-04-01T21:15:05.273Z] Next run in 1 hour...
[2026-04-01T22:15:00.335Z] --- Starting Sync Cycle ---
[2026-04-01T22:15:04.711Z] Job completed successfully.
[2026-04-01T22:15:04.719Z] Next run in 1 hour...
[2026-04-01T23:15:00.191Z] --- Starting Sync Cycle ---
[2026-04-01T23:15:05.982Z] Job completed successfully.
[2026-04-01T23:15:05.991Z] Next run in 1 hour...
[2026-04-02T00:15:00.196Z] --- Starting Sync Cycle ---
[2026-04-02T00:15:03.751Z] Job completed successfully.
[2026-04-02T00:15:03.760Z] Next run in 1 hour...
[2026-04-02T01:15:00.178Z] --- Starting Sync Cycle ---
[2026-04-02T01:15:04.315Z] Job completed successfully.
[2026-04-02T01:15:04.324Z] Next run in 1 hour...
[2026-04-02T02:15:00.536Z] --- Starting Sync Cycle ---
[2026-04-02T02:15:04.657Z] Job completed successfully.
[2026-04-02T02:15:04.666Z] Next run in 1 hour...
[2026-04-02T03:15:00.364Z] --- Starting Sync Cycle ---
[2026-04-02T03:15:03.213Z] Job completed successfully.
[2026-04-02T03:15:03.224Z] Next run in 1 hour...
[2026-04-02T04:15:00.440Z] --- Starting Sync Cycle ---
[2026-04-02T04:15:05.040Z] Job completed successfully.
[2026-04-02T04:15:05.047Z] Next run in 1 hour...
[2026-04-02T05:15:00.232Z] --- Starting Sync Cycle ---
[2026-04-02T05:15:03.921Z] Job completed successfully.
[2026-04-02T05:15:03.929Z] Next run in 1 hour...
[2026-04-02T06:15:00.170Z] --- Starting Sync Cycle ---
[2026-04-02T06:15:05.741Z] Job completed successfully.
[2026-04-02T06:15:05.758Z] Next run in 1 hour...
[2026-04-02T07:15:00.175Z] --- Starting Sync Cycle ---
[2026-04-02T07:15:05.333Z] Job completed successfully.
[2026-04-02T07:15:05.343Z] Next run in 1 hour...
[2026-04-02T08:15:00.180Z] --- Starting Sync Cycle ---
[2026-04-02T08:15:04.434Z] Job completed successfully.
[2026-04-02T08:15:04.443Z] Next run in 1 hour...
[2026-04-02T09:15:00.438Z] --- Starting Sync Cycle ---
[2026-04-02T09:15:05.578Z] Job completed successfully.
[2026-04-02T09:15:05.593Z] Next run in 1 hour...
[2026-04-02T10:15:00.236Z] --- Starting Sync Cycle ---
[2026-04-02T10:15:05.733Z] Job completed successfully.
[2026-04-02T10:15:05.744Z] Next run in 1 hour...
[2026-04-02T11:15:00.398Z] --- Starting Sync Cycle ---
[2026-04-02T11:15:05.608Z] Job completed successfully.
[2026-04-02T11:15:05.618Z] Next run in 1 hour...
[2026-04-02T12:15:00.224Z] --- Starting Sync Cycle ---
[2026-04-02T12:15:05.408Z] Job completed successfully.
[2026-04-02T12:15:05.418Z] Next run in 1 hour...
[2026-04-02T13:15:00.293Z] --- Starting Sync Cycle ---
[2026-04-02T13:15:04.698Z] Job completed successfully.
[2026-04-02T13:15:04.710Z] Next run in 1 hour...
[2026-04-02T14:15:00.216Z] --- Starting Sync Cycle ---
[2026-04-02T14:15:05.878Z] Job completed successfully.
[2026-04-02T14:15:05.890Z] Next run in 1 hour...
[2026-04-02T15:15:00.379Z] --- Starting Sync Cycle ---
[2026-04-02T15:15:01.395Z] Job completed successfully.
[2026-04-02T15:15:01.405Z] Next run in 1 hour...
[2026-04-02T16:15:00.188Z] --- Starting Sync Cycle ---
[2026-04-02T16:15:05.359Z] Job completed successfully.
[2026-04-02T16:15:05.368Z] Next run in 1 hour...
[2026-04-02T17:15:00.196Z] --- Starting Sync Cycle ---
[2026-04-02T17:15:05.221Z] Job completed successfully.
[2026-04-02T17:15:05.229Z] Next run in 1 hour...
[2026-04-02T18:15:00.211Z] --- Starting Sync Cycle ---
[2026-04-02T18:15:04.274Z] Job completed successfully.
[2026-04-02T18:15:04.283Z] Next run in 1 hour...
[2026-04-02T19:15:00.212Z] --- Starting Sync Cycle ---
[2026-04-02T19:15:05.169Z] Job completed successfully.
[2026-04-02T19:15:05.178Z] Next run in 1 hour...
[2026-04-02T20:15:00.205Z] --- Starting Sync Cycle ---
[2026-04-02T20:15:04.936Z] Job completed successfully.
[2026-04-02T20:15:04.944Z] Next run in 1 hour...
[2026-04-02T21:15:00.176Z] --- Starting Sync Cycle ---
[2026-04-02T21:15:05.315Z] Job completed successfully.
[2026-04-02T21:15:05.323Z] Next run in 1 hour...
[2026-04-02T22:15:00.190Z] --- Starting Sync Cycle ---
[2026-04-02T22:15:05.464Z] Job completed successfully.
[2026-04-02T22:15:05.472Z] Next run in 1 hour...
[2026-04-02T23:15:00.175Z] --- Starting Sync Cycle ---
[2026-04-02T23:15:04.259Z] Job completed successfully.
[2026-04-02T23:15:04.267Z] Next run in 1 hour...
[2026-04-03T00:15:00.180Z] --- Starting Sync Cycle ---
[2026-04-03T00:15:04.317Z] Job completed successfully.
[2026-04-03T00:15:04.325Z] Next run in 1 hour...
[2026-04-03T01:15:00.194Z] --- Starting Sync Cycle ---
[2026-04-03T01:15:04.012Z] Job completed successfully.
[2026-04-03T01:15:04.019Z] Next run in 1 hour...
[2026-04-03T02:15:00.183Z] --- Starting Sync Cycle ---
[2026-04-03T02:15:04.434Z] Job completed successfully.
[2026-04-03T02:15:04.442Z] Next run in 1 hour...
[2026-04-03T03:15:00.166Z] --- Starting Sync Cycle ---
[2026-04-03T03:15:04.201Z] Job completed successfully.
[2026-04-03T03:15:04.209Z] Next run in 1 hour...
[2026-04-03T04:15:00.299Z] --- Starting Sync Cycle ---
[2026-04-03T04:15:04.165Z] Job completed successfully.
[2026-04-03T04:15:04.172Z] Next run in 1 hour...
[2026-04-03T05:15:00.193Z] --- Starting Sync Cycle ---
[2026-04-03T05:15:05.397Z] Job completed successfully.
[2026-04-03T05:15:05.406Z] Next run in 1 hour...
[2026-04-03T06:15:00.212Z] --- Starting Sync Cycle ---
[2026-04-03T06:15:05.892Z] Job completed successfully.
[2026-04-03T06:15:05.901Z] Next run in 1 hour...
[2026-04-03T07:15:00.216Z] --- Starting Sync Cycle ---
[2026-04-03T07:15:05.221Z] Job completed successfully.
[2026-04-03T07:15:05.229Z] Next run in 1 hour...
[2026-04-03T08:15:00.196Z] --- Starting Sync Cycle ---
[2026-04-03T08:15:02.244Z] Job completed successfully.
[2026-04-03T08:15:02.254Z] Next run in 1 hour...
[2026-04-03T09:15:00.213Z] --- Starting Sync Cycle ---
[2026-04-03T09:15:04.035Z] Job completed successfully.
[2026-04-03T09:15:04.044Z] Next run in 1 hour...
[2026-04-03T10:15:00.186Z] --- Starting Sync Cycle ---
[2026-04-03T10:15:05.543Z] Job completed successfully.
[2026-04-03T10:15:05.551Z] Next run in 1 hour...
[2026-04-03T11:15:00.185Z] --- Starting Sync Cycle ---
[2026-04-03T11:15:04.486Z] Job completed successfully.
[2026-04-03T11:15:04.494Z] Next run in 1 hour...
[2026-04-03T12:15:00.200Z] --- Starting Sync Cycle ---
[2026-04-03T12:15:05.396Z] Job completed successfully.
[2026-04-03T12:15:05.404Z] Next run in 1 hour...
[2026-04-03T13:15:00.180Z] --- Starting Sync Cycle ---
[2026-04-03T13:15:05.354Z] Job completed successfully.
[2026-04-03T13:15:05.362Z] Next run in 1 hour...
[2026-04-03T14:15:00.190Z] --- Starting Sync Cycle ---
[2026-04-03T14:15:04.411Z] Job completed successfully.
[2026-04-03T14:15:04.420Z] Next run in 1 hour...
[2026-04-03T15:15:00.392Z] --- Starting Sync Cycle ---
[2026-04-03T15:15:04.186Z] Job completed successfully.
[2026-04-03T15:15:04.195Z] Next run in 1 hour...
[2026-04-03T16:15:00.177Z] --- Starting Sync Cycle ---
[2026-04-03T16:15:06.033Z] Job completed successfully.
[2026-04-03T16:15:06.043Z] Next run in 1 hour...
[2026-04-03T17:15:00.193Z] --- Starting Sync Cycle ---
[2026-04-03T17:15:05.313Z] Job completed successfully.
[2026-04-03T17:15:05.322Z] Next run in 1 hour...
[2026-04-03T18:15:00.197Z] --- Starting Sync Cycle ---
[2026-04-03T18:15:04.630Z] Job completed successfully.
[2026-04-03T18:15:04.638Z] Next run in 1 hour...
[2026-04-03T19:15:00.174Z] --- Starting Sync Cycle ---
[2026-04-03T19:15:04.529Z] Job completed successfully.
[2026-04-03T19:15:04.537Z] Next run in 1 hour...
[2026-04-03T20:15:00.196Z] --- Starting Sync Cycle ---
[2026-04-03T20:15:05.290Z] Job completed successfully.
[2026-04-03T20:15:05.299Z] Next run in 1 hour...
[2026-04-03T21:15:00.199Z] --- Starting Sync Cycle ---
[2026-04-03T21:15:05.150Z] Job completed successfully.
[2026-04-03T21:15:05.158Z] Next run in 1 hour...
[2026-04-03T22:15:00.224Z] --- Starting Sync Cycle ---
[2026-04-03T22:15:05.519Z] Job completed successfully.
[2026-04-03T22:15:05.527Z] Next run in 1 hour...
[2026-04-03T23:15:00.212Z] --- Starting Sync Cycle ---
[2026-04-03T23:15:05.565Z] Job completed successfully.
[2026-04-03T23:15:05.573Z] Next run in 1 hour...
[2026-04-04T00:15:00.216Z] --- Starting Sync Cycle ---
[2026-04-04T00:15:03.366Z] Job completed successfully.
[2026-04-04T00:15:03.375Z] Next run in 1 hour...
[2026-04-04T01:15:00.203Z] --- Starting Sync Cycle ---
[2026-04-04T01:15:03.883Z] Job completed successfully.
[2026-04-04T01:15:03.891Z] Next run in 1 hour...
[2026-04-04T02:15:00.209Z] --- Starting Sync Cycle ---
[2026-04-04T02:15:04.014Z] Job completed successfully.
[2026-04-04T02:15:04.024Z] Next run in 1 hour...
[2026-04-04T03:15:00.185Z] --- Starting Sync Cycle ---
[2026-04-04T03:15:04.031Z] Job completed successfully.
[2026-04-04T03:15:04.040Z] Next run in 1 hour...
[2026-04-04T04:15:00.362Z] --- Starting Sync Cycle ---
[2026-04-04T04:15:05.141Z] Job completed successfully.
[2026-04-04T04:15:05.150Z] Next run in 1 hour...
[2026-04-04T05:15:00.185Z] --- Starting Sync Cycle ---
[2026-04-04T05:15:04.336Z] Job completed successfully.
[2026-04-04T05:15:04.344Z] Next run in 1 hour...
[2026-04-04T06:15:00.172Z] --- Starting Sync Cycle ---
[2026-04-04T06:15:05.419Z] Job completed successfully.
[2026-04-04T06:15:05.428Z] Next run in 1 hour...
[2026-04-04T07:15:00.183Z] --- Starting Sync Cycle ---
[2026-04-04T07:15:05.352Z] Job completed successfully.
[2026-04-04T07:15:05.360Z] Next run in 1 hour...
[2026-04-04T08:15:00.181Z] --- Starting Sync Cycle ---
[2026-04-04T08:15:05.209Z] Job completed successfully.
[2026-04-04T08:15:05.217Z] Next run in 1 hour...
[2026-04-04T09:15:00.170Z] --- Starting Sync Cycle ---
[2026-04-04T09:15:05.837Z] Job completed successfully.
[2026-04-04T09:15:05.847Z] Next run in 1 hour...
[2026-04-04T10:15:00.185Z] --- Starting Sync Cycle ---
[2026-04-04T10:15:04.400Z] Job completed successfully.
[2026-04-04T10:15:04.407Z] Next run in 1 hour...
[2026-04-04T11:15:00.199Z] --- Starting Sync Cycle ---
[2026-04-04T11:15:05.127Z] Job completed successfully.
[2026-04-04T11:15:05.135Z] Next run in 1 hour...
[2026-04-04T12:15:00.608Z] --- Starting Sync Cycle ---
[2026-04-04T12:15:04.746Z] Job completed successfully.
[2026-04-04T12:15:04.758Z] Next run in 1 hour...
[2026-04-04T13:15:00.207Z] --- Starting Sync Cycle ---
[2026-04-04T13:15:02.195Z] Job completed successfully.
[2026-04-04T13:15:02.207Z] Next run in 1 hour...
[2026-04-04T14:15:00.203Z] --- Starting Sync Cycle ---
[2026-04-04T14:15:03.277Z] Job completed successfully.
[2026-04-04T14:15:03.289Z] Next run in 1 hour...
[2026-04-04T15:15:00.174Z] --- Starting Sync Cycle ---
[2026-04-04T15:15:04.574Z] Job completed successfully.
[2026-04-04T15:15:04.584Z] Next run in 1 hour...
[2026-04-04T16:15:00.401Z] --- Starting Sync Cycle ---
[2026-04-04T16:15:05.726Z] Job completed successfully.
[2026-04-04T16:15:05.736Z] Next run in 1 hour...
[2026-04-04T17:15:00.186Z] --- Starting Sync Cycle ---
[2026-04-04T17:15:05.717Z] Job completed successfully.
[2026-04-04T17:15:05.726Z] Next run in 1 hour...
[2026-04-04T18:15:00.174Z] --- Starting Sync Cycle ---
[2026-04-04T18:15:04.981Z] Job completed successfully.
[2026-04-04T18:15:04.990Z] Next run in 1 hour...
[2026-04-04T19:15:00.184Z] --- Starting Sync Cycle ---
[2026-04-04T19:15:05.146Z] Job completed successfully.
[2026-04-04T19:15:05.156Z] Next run in 1 hour...
[2026-04-04T20:15:00.179Z] --- Starting Sync Cycle ---
[2026-04-04T20:15:04.527Z] Job completed successfully.
[2026-04-04T20:15:04.538Z] Next run in 1 hour...
[2026-04-04T21:15:00.177Z] --- Starting Sync Cycle ---
[2026-04-04T21:15:05.331Z] Job completed successfully.
[2026-04-04T21:15:05.340Z] Next run in 1 hour...
[2026-04-04T22:15:00.174Z] --- Starting Sync Cycle ---
[2026-04-04T22:15:05.279Z] Job completed successfully.
[2026-04-04T22:15:05.287Z] Next run in 1 hour...
[2026-04-04T23:15:00.180Z] --- Starting Sync Cycle ---
[2026-04-04T23:15:05.356Z] Job completed successfully.
[2026-04-04T23:15:05.366Z] Next run in 1 hour...
[2026-04-05T00:15:00.190Z] --- Starting Sync Cycle ---
[2026-04-05T00:15:03.754Z] Job completed successfully.
[2026-04-05T00:15:03.763Z] Next run in 1 hour...
[2026-04-05T01:15:00.180Z] --- Starting Sync Cycle ---
[2026-04-05T01:15:02.999Z] Job completed successfully.
[2026-04-05T01:15:03.008Z] Next run in 1 hour...
[2026-04-05T02:15:00.194Z] --- Starting Sync Cycle ---
[2026-04-05T02:15:04.510Z] Job completed successfully.
[2026-04-05T02:15:04.519Z] Next run in 1 hour...
[2026-04-05T03:15:00.272Z] --- Starting Sync Cycle ---
[2026-04-05T03:15:03.698Z] Job completed successfully.
[2026-04-05T03:15:03.707Z] Next run in 1 hour...
[2026-04-05T04:15:00.192Z] --- Starting Sync Cycle ---
[2026-04-05T04:15:05.307Z] Job completed successfully.
[2026-04-05T04:15:05.315Z] Next run in 1 hour...
[2026-04-05T05:15:00.334Z] --- Starting Sync Cycle ---
[2026-04-05T05:15:05.057Z] Job completed successfully.
[2026-04-05T05:15:05.066Z] Next run in 1 hour...
[2026-04-05T06:15:00.192Z] --- Starting Sync Cycle ---
[2026-04-05T06:15:04.658Z] Job completed successfully.
[2026-04-05T06:15:04.669Z] Next run in 1 hour...
[2026-04-05T07:15:00.188Z] --- Starting Sync Cycle ---
[2026-04-05T07:15:04.491Z] Job completed successfully.
[2026-04-05T07:15:04.500Z] Next run in 1 hour...
[2026-04-05T08:15:00.187Z] --- Starting Sync Cycle ---
[2026-04-05T08:15:05.192Z] Job completed successfully.
[2026-04-05T08:15:05.201Z] Next run in 1 hour...
[2026-04-05T09:15:00.183Z] --- Starting Sync Cycle ---
[2026-04-05T09:15:05.355Z] Job completed successfully.
[2026-04-05T09:15:05.364Z] Next run in 1 hour...
[2026-04-05T10:15:00.192Z] --- Starting Sync Cycle ---
[2026-04-05T10:15:05.297Z] Job completed successfully.
[2026-04-05T10:15:05.306Z] Next run in 1 hour...
[2026-04-05T11:15:00.181Z] --- Starting Sync Cycle ---
[2026-04-05T11:15:04.554Z] Job completed successfully.
[2026-04-05T11:15:04.563Z] Next run in 1 hour...
[2026-04-05T12:15:00.172Z] --- Starting Sync Cycle ---
[2026-04-05T12:15:04.946Z] Job completed successfully.
[2026-04-05T12:15:04.956Z] Next run in 1 hour...
[2026-04-05T13:15:00.184Z] --- Starting Sync Cycle ---
[2026-04-05T13:15:05.161Z] Job completed successfully.
[2026-04-05T13:15:05.170Z] Next run in 1 hour...
[2026-04-05T14:15:00.175Z] --- Starting Sync Cycle ---
[2026-04-05T14:15:04.889Z] Job completed successfully.
[2026-04-05T14:15:04.899Z] Next run in 1 hour...
[2026-04-05T15:15:00.187Z] --- Starting Sync Cycle ---
[2026-04-05T15:15:05.086Z] Job completed successfully.
[2026-04-05T15:15:05.095Z] Next run in 1 hour...
[2026-04-05T16:15:00.192Z] --- Starting Sync Cycle ---
[2026-04-05T16:15:04.253Z] Job completed successfully.
[2026-04-05T16:15:04.264Z] Next run in 1 hour...
[2026-04-05T17:15:00.189Z] --- Starting Sync Cycle ---
[2026-04-05T17:15:05.012Z] Job completed successfully.
[2026-04-05T17:15:05.023Z] Next run in 1 hour...
[2026-04-05T18:15:00.163Z] --- Starting Sync Cycle ---
[2026-04-05T18:15:05.350Z] Job completed successfully.
[2026-04-05T18:15:05.361Z] Next run in 1 hour...
[2026-04-05T19:15:00.355Z] --- Starting Sync Cycle ---
[2026-04-05T19:15:05.125Z] Job completed successfully.
[2026-04-05T19:15:05.136Z] Next run in 1 hour...
[2026-04-05T20:15:00.176Z] --- Starting Sync Cycle ---
[2026-04-05T20:15:05.233Z] Job completed successfully.
[2026-04-05T20:15:05.242Z] Next run in 1 hour...
[2026-04-05T21:15:00.176Z] --- Starting Sync Cycle ---
[2026-04-05T21:15:04.404Z] Job completed successfully.
[2026-04-05T21:15:04.415Z] Next run in 1 hour...
[2026-04-05T22:15:00.190Z] --- Starting Sync Cycle ---
[2026-04-05T22:15:05.053Z] Job completed successfully.
[2026-04-05T22:15:05.062Z] Next run in 1 hour...
[2026-04-05T23:15:00.200Z] --- Starting Sync Cycle ---
[2026-04-05T23:15:05.234Z] Job completed successfully.
[2026-04-05T23:15:05.244Z] Next run in 1 hour...
[2026-04-06T00:15:00.205Z] --- Starting Sync Cycle ---
[2026-04-06T00:15:03.764Z] Job completed successfully.
[2026-04-06T00:15:03.774Z] Next run in 1 hour...
[2026-04-06T01:15:00.192Z] --- Starting Sync Cycle ---
[2026-04-06T01:15:04.260Z] Job completed successfully.
[2026-04-06T01:15:04.270Z] Next run in 1 hour...
[2026-04-06T02:15:00.199Z] --- Starting Sync Cycle ---
[2026-04-06T02:15:04.191Z] Job completed successfully.
[2026-04-06T02:15:04.201Z] Next run in 1 hour...
[2026-04-06T03:15:00.173Z] --- Starting Sync Cycle ---
[2026-04-06T03:15:04.164Z] Job completed successfully.
[2026-04-06T03:15:04.174Z] Next run in 1 hour...
[2026-04-06T04:15:00.189Z] --- Starting Sync Cycle ---
[2026-04-06T04:15:04.973Z] Job completed successfully.
[2026-04-06T04:15:04.983Z] Next run in 1 hour...
[2026-04-06T05:15:00.178Z] --- Starting Sync Cycle ---
[2026-04-06T05:15:05.146Z] Job completed successfully.
[2026-04-06T05:15:05.152Z] Next run in 1 hour...
[2026-04-06T06:15:00.311Z] --- Starting Sync Cycle ---
[2026-04-06T06:15:03.469Z] Job completed successfully.
[2026-04-06T06:15:03.477Z] Next run in 1 hour...
[2026-04-06T07:15:00.246Z] --- Starting Sync Cycle ---
[2026-04-06T07:15:02.083Z] Job completed successfully.
[2026-04-06T07:15:02.092Z] Next run in 1 hour...
[2026-04-06T08:15:00.190Z] --- Starting Sync Cycle ---
[2026-04-06T08:15:05.025Z] Job completed successfully.
[2026-04-06T08:15:05.034Z] Next run in 1 hour...
[2026-04-06T09:15:00.187Z] --- Starting Sync Cycle ---
[2026-04-06T09:15:05.002Z] Job completed successfully.
[2026-04-06T09:15:05.012Z] Next run in 1 hour...
[2026-04-06T10:15:00.205Z] --- Starting Sync Cycle ---
[2026-04-06T10:15:05.167Z] Job completed successfully.
[2026-04-06T10:15:05.179Z] Next run in 1 hour...
[2026-04-06T11:15:00.354Z] --- Starting Sync Cycle ---
[2026-04-06T11:15:01.963Z] Job completed successfully.
[2026-04-06T11:15:01.973Z] Next run in 1 hour...
[2026-04-06T12:15:00.197Z] --- Starting Sync Cycle ---
[2026-04-06T12:15:02.086Z] Job completed successfully.
[2026-04-06T12:15:02.095Z] Next run in 1 hour...
[2026-04-06T13:15:00.422Z] --- Starting Sync Cycle ---
[2026-04-06T13:15:03.262Z] Job completed successfully.
[2026-04-06T13:15:03.279Z] Next run in 1 hour...
[2026-04-06T14:15:00.183Z] --- Starting Sync Cycle ---
[2026-04-06T14:15:05.059Z] Job completed successfully.
[2026-04-06T14:15:05.069Z] Next run in 1 hour...
[2026-04-06T15:15:00.171Z] --- Starting Sync Cycle ---
[2026-04-06T15:15:04.887Z] Job completed successfully.
[2026-04-06T15:15:04.896Z] Next run in 1 hour...
[2026-04-06T16:15:00.167Z] --- Starting Sync Cycle ---
[2026-04-06T16:15:05.472Z] Job completed successfully.
[2026-04-06T16:15:05.482Z] Next run in 1 hour...
[2026-04-06T17:15:00.182Z] --- Starting Sync Cycle ---
[2026-04-06T17:15:04.492Z] Job completed successfully.
[2026-04-06T17:15:04.501Z] Next run in 1 hour...
[2026-04-06T18:15:00.214Z] --- Starting Sync Cycle ---
[2026-04-06T18:15:05.472Z] Job completed successfully.
[2026-04-06T18:15:05.481Z] Next run in 1 hour...
[2026-04-06T19:15:00.180Z] --- Starting Sync Cycle ---
[2026-04-06T19:15:05.168Z] Job completed successfully.
[2026-04-06T19:15:05.177Z] Next run in 1 hour...
[2026-04-06T20:15:00.198Z] --- Starting Sync Cycle ---
[2026-04-06T20:15:04.674Z] Job completed successfully.
[2026-04-06T20:15:04.683Z] Next run in 1 hour...
[2026-04-06T21:15:00.221Z] --- Starting Sync Cycle ---
[2026-04-06T21:15:05.304Z] Job completed successfully.
[2026-04-06T21:15:05.313Z] Next run in 1 hour...
[2026-04-06T22:15:00.190Z] --- Starting Sync Cycle ---
[2026-04-06T22:15:04.282Z] Job completed successfully.
[2026-04-06T22:15:04.291Z] Next run in 1 hour...
[2026-04-06T23:15:00.196Z] --- Starting Sync Cycle ---
[2026-04-06T23:15:05.628Z] Job completed successfully.
[2026-04-06T23:15:05.637Z] Next run in 1 hour...
[2026-04-07T00:15:00.210Z] --- Starting Sync Cycle ---
[2026-04-07T00:15:04.065Z] Job completed successfully.
[2026-04-07T00:15:04.075Z] Next run in 1 hour...
[2026-04-07T01:15:00.265Z] --- Starting Sync Cycle ---
[2026-04-07T01:15:03.981Z] Job completed successfully.
[2026-04-07T01:15:03.989Z] Next run in 1 hour...
[2026-04-07T02:15:00.204Z] --- Starting Sync Cycle ---
[2026-04-07T02:15:04.493Z] Job completed successfully.
[2026-04-07T02:15:04.503Z] Next run in 1 hour...
[2026-04-07T03:15:00.188Z] --- Starting Sync Cycle ---
[2026-04-07T03:15:04.721Z] Job completed successfully.
[2026-04-07T03:15:04.731Z] Next run in 1 hour...
[2026-04-07T04:15:00.176Z] --- Starting Sync Cycle ---
[2026-04-07T04:15:04.638Z] Job completed successfully.
[2026-04-07T04:15:04.647Z] Next run in 1 hour...
[2026-04-07T05:15:00.331Z] --- Starting Sync Cycle ---
[2026-04-07T05:15:05.940Z] Job completed successfully.
[2026-04-07T05:15:05.950Z] Next run in 1 hour...
[2026-04-07T06:15:00.193Z] --- Starting Sync Cycle ---
[2026-04-07T06:15:04.733Z] Job completed successfully.
[2026-04-07T06:15:04.742Z] Next run in 1 hour...
[2026-04-07T07:15:00.196Z] --- Starting Sync Cycle ---
[2026-04-07T07:15:05.526Z] Job completed successfully.
[2026-04-07T07:15:05.535Z] Next run in 1 hour...
[2026-04-07T08:15:00.187Z] --- Starting Sync Cycle ---
[2026-04-07T08:15:04.580Z] Job completed successfully.
[2026-04-07T08:15:04.588Z] Next run in 1 hour...
[2026-04-07T09:15:00.186Z] --- Starting Sync Cycle ---
[2026-04-07T09:15:05.258Z] Job completed successfully.
[2026-04-07T09:15:05.265Z] Next run in 1 hour...
[2026-04-07T10:15:00.180Z] --- Starting Sync Cycle ---
[2026-04-07T10:15:04.663Z] Job completed successfully.
[2026-04-07T10:15:04.671Z] Next run in 1 hour...
[2026-04-07T11:15:00.198Z] --- Starting Sync Cycle ---
[2026-04-07T11:15:04.997Z] Job completed successfully.
[2026-04-07T11:15:05.007Z] Next run in 1 hour...
[2026-04-07T12:15:00.189Z] --- Starting Sync Cycle ---
[2026-04-07T12:15:05.662Z] Job completed successfully.
[2026-04-07T12:15:05.670Z] Next run in 1 hour...
[2026-04-07T13:15:00.181Z] --- Starting Sync Cycle ---
[2026-04-07T13:15:04.340Z] Job completed successfully.
[2026-04-07T13:15:04.348Z] Next run in 1 hour...
[2026-04-07T14:15:00.376Z] --- Starting Sync Cycle ---
[2026-04-07T14:15:04.155Z] Job completed successfully.
[2026-04-07T14:15:04.165Z] Next run in 1 hour...
[2026-04-07T15:15:00.173Z] --- Starting Sync Cycle ---
[2026-04-07T15:15:05.566Z] Job completed successfully.
[2026-04-07T15:15:05.575Z] Next run in 1 hour...
[2026-04-07T16:15:00.188Z] --- Starting Sync Cycle ---
[2026-04-07T16:15:05.770Z] Job completed successfully.
[2026-04-07T16:15:05.779Z] Next run in 1 hour...
[2026-04-07T17:15:00.157Z] --- Starting Sync Cycle ---
[2026-04-07T17:15:05.468Z] Job completed successfully.
[2026-04-07T17:15:05.478Z] Next run in 1 hour...
[2026-04-07T18:15:00.373Z] --- Starting Sync Cycle ---
[2026-04-07T18:15:04.766Z] Job completed successfully.
[2026-04-07T18:15:04.775Z] Next run in 1 hour...
[2026-04-07T19:15:00.194Z] --- Starting Sync Cycle ---
[2026-04-07T19:15:06.012Z] Job completed successfully.
[2026-04-07T19:15:06.021Z] Next run in 1 hour...
[2026-04-07T20:15:00.172Z] --- Starting Sync Cycle ---
[2026-04-07T20:15:05.691Z] Job completed successfully.
[2026-04-07T20:15:05.699Z] Next run in 1 hour...
[2026-04-07T21:15:00.216Z] --- Starting Sync Cycle ---
[2026-04-07T21:15:05.282Z] Job completed successfully.
[2026-04-07T21:15:05.292Z] Next run in 1 hour...
[2026-04-07T22:15:00.200Z] --- Starting Sync Cycle ---
[2026-04-07T22:15:05.138Z] Job completed successfully.
[2026-04-07T22:15:05.146Z] Next run in 1 hour...
[2026-04-07T23:15:00.205Z] --- Starting Sync Cycle ---
[2026-04-07T23:15:04.270Z] Job completed successfully.
[2026-04-07T23:15:04.279Z] Next run in 1 hour...
[2026-04-08T00:15:00.337Z] --- Starting Sync Cycle ---
[2026-04-08T00:15:04.160Z] Job completed successfully.
[2026-04-08T00:15:04.168Z] Next run in 1 hour...
[2026-04-08T01:15:00.317Z] --- Starting Sync Cycle ---
[2026-04-08T01:15:04.011Z] Job completed successfully.
[2026-04-08T01:15:04.020Z] Next run in 1 hour...
[2026-04-08T02:15:00.233Z] --- Starting Sync Cycle ---
[2026-04-08T02:15:04.683Z] Job completed successfully.
[2026-04-08T02:15:04.693Z] Next run in 1 hour...
[2026-04-08T03:15:00.204Z] --- Starting Sync Cycle ---
[2026-04-08T03:15:03.847Z] Job completed successfully.
[2026-04-08T03:15:03.856Z] Next run in 1 hour...
[2026-04-08T04:15:00.184Z] --- Starting Sync Cycle ---
[2026-04-08T04:15:04.008Z] Job completed successfully.
[2026-04-08T04:15:04.017Z] Next run in 1 hour...
[2026-04-08T05:15:00.402Z] --- Starting Sync Cycle ---
[2026-04-08T05:15:05.253Z] Job completed successfully.
[2026-04-08T05:15:05.263Z] Next run in 1 hour...
[2026-04-08T06:15:00.206Z] --- Starting Sync Cycle ---
[2026-04-08T06:15:05.640Z] Job completed successfully.
[2026-04-08T06:15:05.649Z] Next run in 1 hour...
[2026-04-08T07:15:00.201Z] --- Starting Sync Cycle ---
[2026-04-08T07:15:05.368Z] Job completed successfully.
[2026-04-08T07:15:05.377Z] Next run in 1 hour...
[2026-04-08T08:15:00.192Z] --- Starting Sync Cycle ---
[2026-04-08T08:15:04.991Z] Job completed successfully.
[2026-04-08T08:15:04.999Z] Next run in 1 hour...
